>>>>>>>>>>>>>>>>>>>>>>>>>>>>>>>>>>>>>>>>>>>>>>>>>>>>>>>>>>>>>>>>>>>>>>>>>>>>>>
>>>> Toolkit for HEP Event Generation - ThePEG 2.0.2 <<<<<<<<<<<<<<<<<<<<<<<<<
<<<<<<<<<<<<<<<<<<<<<<<<<<<<<<<<<<<<<<<<<<<<<<<<<<<<<<<<<<<<<<<<<<<<<<<<<<<<<<

>> Herwig 7.0.2 / ThePEG 2.0.2

/Herwig/Cuts/Cuts:
MHat  = 0 .. 7000 GeV
Scale = 2 .. 1e+12 GeV2
YHat  = -100 .. 100
X1    = 1e-05 .. 1
X2    = 1e-05 .. 1

IdentifiedParticleCut 'BJetCut' matching 'BJetMatcher' within:
pt  = 0 .. 1e+06 GeV
IdentifiedParticleCut 'PhotonCut' matching 'Photon' within:
pt  = 0 .. 1e+06 GeV
IdentifiedParticleCut 'LeptonCut' matching 'Lepton' within:
pt  = 0 .. 1e+06 GeV
IdentifiedParticleCut 'TopQuarkCut' matching 'Top' within:
pt  = 0 .. 1e+06 GeV
IdentifiedParticleCut 'WBosonCut' matching 'WBoson' within:
pt  = 0 .. 1e+06 GeV
IdentifiedParticleCut 'ZBosonCut' matching 'ZBoson' within:
pt  = 0 .. 1e+06 GeV
IdentifiedParticleCut 'HiggsBosonCut' matching 'HiggsBoson' within:
pt  = 0 .. 1e+06 GeV
IdentifiedParticleCut 'ChargedLeptonCut' matching 'ChargedLepton' within:
pt  = 0 .. 1e+06 GeV
/Herwig/Cuts/LeptonPairMassCut
matching distances between: 'Lepton' and 'Lepton':
M = 0 .. 1e+06 GeV
same flavour only = false 
opposite sign only = false 

/Herwig/Cuts/ChargedLeptonPairMassCut
matching distances between: 'ChargedLepton' and 'ChargedLepton':
M = 0 .. 1e+06 GeV
same flavour only = false 
opposite sign only = false 

/Herwig/Cuts/LeptonDeltaRCut
matching distances between: 'Lepton' and 'Lepton':
DeltaRMin = 0 
DeltaRMax = 100 
DeltaPhiMin = 0 
DeltaPhiMax = 6.28319 
DeltaYMin = 0 
DeltaYMax = 100 

/Herwig/Cuts/ChargedLeptonDeltaRCut
matching distances between: 'ChargedLepton' and 'ChargedLepton':
DeltaRMin = 0 
DeltaRMax = 100 
DeltaPhiMin = 0 
DeltaPhiMax = 6.28319 
DeltaYMin = 0 
DeltaYMax = 100 

/Herwig/Cuts/PhotonIsolationCut matching unresolved particles from 'MatchboxJetMatcher':
DeltaZero = 0 
Exponent n = 1 
Efficiency = 0 
Cut Type = 1 

MissingPtCut 'MissingPtCut' matching 'Neutrino' within:
ptMiss  = 0 .. 1e+06 GeV
******************************************************************************
Event number 1 (id: test) performed by EventHandler
==============================================================================

--- Colliding particles:
  1        p+    2212  (3,16)   
                                 0.000     0.000  3500.000  3500.000     0.938
  2        p+    2212  (4,17)   
                                 0.000     0.000 -3500.000  3500.000     0.938
------------------------------------------------------------------------------
Primary sub-process performed by MEGenericProcesses[g,g->nu_mubar,e+,bbar,b,nu_e,mu-]
--- incoming:
  3         g      21 [1] (9)   {+1,-2}
                                 0.000     0.000   201.625   201.625     0.000
  4         g      21 [2] (9)   {+2,-3}
                                 0.000     0.000  -262.980   262.980     0.000
--- intermediates:
  5        W+      24 [6] (11,14)   
                               -37.880   -12.524   141.665   168.243    81.516
  6         t       6 [9] (5,13)   {+1}
                               -55.885   -34.216   105.156   214.560   175.170
  7        W-     -24 [8] (10,15)   
                                -1.127    68.784  -146.155   180.208    79.882
  8      tbar      -6 [9] (7,12)   {-3}
                                55.885    34.216  -166.510   250.045   174.651
  9         g      21 [3,4] (6,8)   {+1,-3}
                                 0.000    -0.000   -61.355   464.605   460.536
--- outgoing:
 10  nu_mubar     -14 [7]    
                                25.037    69.296   -78.466   107.637     0.000
 11        e+     -11 [5]    
                                 6.723    24.847    17.523    31.139     0.001
 12      bbar      -5 [8]   17> {-3}
                                57.011   -34.568   -20.355    69.837     4.200
 13         b       5 [6]   >16 {+1}
                               -18.004   -21.692   -36.510    46.317     4.200
 14      nu_e      12 [5]    
                               -44.604   -37.371   124.143   137.104     0.000
 15       mu-      13 [7]    
                               -26.163    -0.512   -67.689    72.571     0.000
------------------------------------------------------------------------------
Step 1
--- intermediates:
  3         g      21 [1] (9)   {+1,-2}
                                 0.000     0.000   201.625   201.625     0.000
  4         g      21 [2] (9)   {+2,-3}
                                 0.000     0.000  -262.980   262.980     0.000
  5        W+      24 [6] (11,14)   
                               -37.880   -12.524   141.665   168.243    81.516
  6         t       6 [9] (5,13)   {+1}
                               -55.885   -34.216   105.156   214.560   175.170
  7        W-     -24 [8] (10,15)   
                                -1.127    68.784  -146.155   180.208    79.882
  8      tbar      -6 [9] (7,12)   {-3}
                                55.885    34.216  -166.510   250.045   174.651
  9         g      21 [3,4] (6,8)   {+1,-3}
                                 0.000    -0.000   -61.355   464.605   460.536
--- final:
 10  nu_mubar     -14 [7]    
                                25.037    69.296   -78.466   107.637     0.000
 11        e+     -11 [5]    
                                 6.723    24.847    17.523    31.139     0.001
 12      bbar      -5 [8]   17> {-3}
                                57.011   -34.568   -20.355    69.837     4.200
 13         b       5 [6]   >16 {+1}
                               -18.004   -21.692   -36.510    46.317     4.200
 14      nu_e      12 [5]    
                               -44.604   -37.371   124.143   137.104     0.000
 15       mu-      13 [7]    
                               -26.163    -0.512   -67.689    72.571     0.000
 16    Rem:p+      82 [1]   13>>17 {+2,-1}
                                 0.000     0.000  3298.375  3298.375     0.911
 17    Rem:p+      82 [2]   16>>12 {+3,-2}
                                -0.000     0.000 -3237.020  3237.020     0.902
------------------------------------------------------------------------------
     Sum of momenta:                 0         0         0     7e+03     7e+03
******************************************************************************
Event number 2 (id: test) performed by EventHandler
==============================================================================

--- Colliding particles:
  1        p+    2212  (3,16)   
                                 0.000     0.000  3500.000  3500.000     0.938
  2        p+    2212  (4,17)   
                                 0.000     0.000 -3500.000  3500.000     0.938
------------------------------------------------------------------------------
Primary sub-process performed by MEGenericProcesses[g,g->nu_mubar,e+,bbar,b,nu_e,mu-]
--- incoming:
  3         g      21 [1] (9)   {+1,-2}
                                 0.000     0.000   293.226   293.226     0.000
  4         g      21 [2] (9)   {+2,-3}
                                 0.000    -0.000  -468.177   468.177     0.000
--- intermediates:
  5        W+      24 [6] (11,14)   
                              -282.966    -2.932  -183.398   347.103    82.264
  6         t       6 [9] (5,13)   {+1}
                              -293.486   -46.072  -230.630   412.067   168.382
  7        W-     -24 [8] (10,15)   
                                45.561    -5.109    -2.605    89.526    76.852
  8      tbar      -6 [9] (7,12)   {-3}
                               293.486    46.072    55.678   349.336   175.153
  9         g      21 [3,4] (6,8)   {+1,-3}
                                -0.000     0.000  -174.952   761.403   741.031
--- outgoing:
 10  nu_mubar     -14 [7]    
                                21.570   -23.057   -33.814    46.263    -0.000
 11        e+     -11 [5]    
                              -134.210    -3.162  -135.706   190.889     0.001
 12      bbar      -5 [8]   17> {-3}
                               247.925    51.182    58.283   259.810     4.200
 13         b       5 [6]   >16 {+1}
                               -10.520   -43.141   -47.232    64.964     4.200
 14      nu_e      12 [5]    
                              -148.756     0.231   -47.691   156.214    -0.000
 15       mu-      13 [7]    
                                23.991    17.948    31.209    43.263    -0.000
------------------------------------------------------------------------------
Step 1
--- intermediates:
  3         g      21 [1] (9)   {+1,-2}
                                 0.000     0.000   293.226   293.226     0.000
  4         g      21 [2] (9)   {+2,-3}
                                 0.000    -0.000  -468.177   468.177     0.000
  5        W+      24 [6] (11,14)   
                              -282.966    -2.932  -183.398   347.103    82.264
  6         t       6 [9] (5,13)   {+1}
                              -293.486   -46.072  -230.630   412.067   168.382
  7        W-     -24 [8] (10,15)   
                                45.561    -5.109    -2.605    89.526    76.852
  8      tbar      -6 [9] (7,12)   {-3}
                               293.486    46.072    55.678   349.336   175.153
  9         g      21 [3,4] (6,8)   {+1,-3}
                                -0.000     0.000  -174.952   761.403   741.031
--- final:
 10  nu_mubar     -14 [7]    
                                21.570   -23.057   -33.814    46.263    -0.000
 11        e+     -11 [5]    
                              -134.210    -3.162  -135.706   190.889     0.001
 12      bbar      -5 [8]   17> {-3}
                               247.925    51.182    58.283   259.810     4.200
 13         b       5 [6]   >16 {+1}
                               -10.520   -43.141   -47.232    64.964     4.200
 14      nu_e      12 [5]    
                              -148.756     0.231   -47.691   156.214    -0.000
 15       mu-      13 [7]    
                                23.991    17.948    31.209    43.263    -0.000
 16    Rem:p+      82 [1]   13>>17 {+2,-1}
                                 0.000     0.000  3206.774  3206.774     0.898
 17    Rem:p+      82 [2]   16>>12 {+3,-2}
                                -0.000     0.000 -3031.823  3031.823     0.873
------------------------------------------------------------------------------
     Sum of momenta:                 0         0         0     7e+03     7e+03
******************************************************************************
Event number 3 (id: test) performed by EventHandler
==============================================================================

--- Colliding particles:
  1        p+    2212  (3,16)   
                                 0.000     0.000  3500.000  3500.000     0.938
  2        p+    2212  (4,17)   
                                 0.000     0.000 -3500.000  3500.000     0.938
------------------------------------------------------------------------------
Primary sub-process performed by MEGenericProcesses[g,g->nu_mubar,e+,bbar,b,nu_e,mu-]
--- incoming:
  3         g      21 [1] (9)   {+1,-2}
                                 0.000     0.000   169.476   169.476     0.000
  4         g      21 [2] (9)   {+2,-3}
                                 0.000    -0.000  -239.404   239.404     0.000
--- intermediates:
  5        W+      24 [6] (11,14)   
                               -45.975   -60.854    64.363   127.883    79.967
  6         t       6 [9] (5,13)   {+1}
                                12.096   -65.786    46.846   188.884   170.319
  7        W-     -24 [8] (10,15)   
                               -35.262    99.294   -55.396   146.210    84.887
  8      tbar      -6 [9] (7,12)   {-3}
                               -12.096    65.786  -116.775   219.997   174.035
  9         g      21 [3,4] (6,8)   {+1,-3}
                                 0.000    -0.000   -69.928   408.880   402.856
--- outgoing:
 10  nu_mubar     -14 [7]    
                                -2.146    17.094    22.419    28.274     0.000
 11        e+     -11 [5]    
                                 2.868     7.312    39.705    40.475     0.001
 12      bbar      -5 [8]   17> {-3}
                                23.166   -33.509   -61.379    73.787     4.200
 13         b       5 [6]   >16 {+1}
                                58.071    -4.932   -17.517    61.000     4.200
 14      nu_e      12 [5]    
                               -48.844   -68.166    24.658    87.409     0.000
 15       mu-      13 [7]    
                               -33.115    82.201   -77.815   117.935    -0.000
------------------------------------------------------------------------------
Step 1
--- intermediates:
  3         g      21 [1] (9)   {+1,-2}
                                 0.000     0.000   169.476   169.476     0.000
  4         g      21 [2] (9)   {+2,-3}
                                 0.000    -0.000  -239.404   239.404     0.000
  5        W+      24 [6] (11,14)   
                               -45.975   -60.854    64.363   127.883    79.967
  6         t       6 [9] (5,13)   {+1}
                                12.096   -65.786    46.846   188.884   170.319
  7        W-     -24 [8] (10,15)   
                               -35.262    99.294   -55.396   146.210    84.887
  8      tbar      -6 [9] (7,12)   {-3}
                               -12.096    65.786  -116.775   219.997   174.035
  9         g      21 [3,4] (6,8)   {+1,-3}
                                 0.000    -0.000   -69.928   408.880   402.856
--- final:
 10  nu_mubar     -14 [7]    
                                -2.146    17.094    22.419    28.274     0.000
 11        e+     -11 [5]    
                                 2.868     7.312    39.705    40.475     0.001
 12      bbar      -5 [8]   17> {-3}
                                23.166   -33.509   -61.379    73.787     4.200
 13         b       5 [6]   >16 {+1}
                                58.071    -4.932   -17.517    61.000     4.200
 14      nu_e      12 [5]    
                               -48.844   -68.166    24.658    87.409     0.000
 15       mu-      13 [7]    
                               -33.115    82.201   -77.815   117.935    -0.000
 16    Rem:p+      82 [1]   13>>17 {+2,-1}
                                 0.000     0.000  3330.524  3330.524     0.915
 17    Rem:p+      82 [2]   16>>12 {+3,-2}
                                -0.000     0.000 -3260.595  3260.596     0.906
------------------------------------------------------------------------------
     Sum of momenta:                 0         0         0     7e+03     7e+03
******************************************************************************
Event number 4 (id: test) performed by EventHandler
==============================================================================

--- Colliding particles:
  1        p+    2212  (3,16)   
                                 0.000     0.000  3500.000  3500.000     0.938
  2        p+    2212  (4,17)   
                                 0.000     0.000 -3500.000  3500.000     0.938
------------------------------------------------------------------------------
Primary sub-process performed by MEGenericProcesses[g,g->nu_mubar,e+,bbar,b,nu_e,mu-]
--- incoming:
  3         g      21 [1] (5,7)   {+1,-2}
                                 0.000    -0.000   208.039   208.039     0.000
  4         g      21 [2] (9)   {+3,-1}
                                 0.000     0.000  -179.403   179.403     0.000
--- intermediates:
  5         t       6 [3] (9)   {+1}
                               -57.197   -26.092   259.833    22.055  -266.419
  6        W-     -24 [7] (10,15)   
                                13.245   -40.859     4.357    88.082    76.777
  7      tbar      -6 [3] (6,12)   {-2}
                                57.197    26.092   -51.794   185.984   167.198
  8        W+      24 [9] (11,14)   
                               -37.968    33.735    -4.281    95.900    81.233
  9         t       6 [4,5] (8,13)   {+3}
                               -57.197   -26.092    80.430   201.458   173.678
--- outgoing:
 10  nu_mubar     -14 [6]    
                               -25.936   -39.525    10.432    48.412    -0.000
 11        e+     -11 [8]    
                                -1.394    -4.841    31.449    31.850     0.001
 12      bbar      -5 [7]   16> {-2}
                                43.952    66.950   -56.151    97.902     4.200
 13         b       5 [9]   >17 {+3}
                               -19.229   -59.827    84.711   105.559     4.200
 14      nu_e      12 [8]    
                               -36.574    38.576   -35.730    64.050     0.000
 15       mu-      13 [6]    
                                39.180    -1.334    -6.074    39.671    -0.000
------------------------------------------------------------------------------
Step 1
--- intermediates:
  3         g      21 [1] (5,7)   {+1,-2}
                                 0.000    -0.000   208.039   208.039     0.000
  4         g      21 [2] (9)   {+3,-1}
                                 0.000     0.000  -179.403   179.403     0.000
  5         t       6 [3] (9)   {+1}
                               -57.197   -26.092   259.833    22.055  -266.419
  6        W-     -24 [7] (10,15)   
                                13.245   -40.859     4.357    88.082    76.777
  7      tbar      -6 [3] (6,12)   {-2}
                                57.197    26.092   -51.794   185.984   167.198
  8        W+      24 [9] (11,14)   
                               -37.968    33.735    -4.281    95.900    81.233
  9         t       6 [4,5] (8,13)   {+3}
                               -57.197   -26.092    80.430   201.458   173.678
--- final:
 10  nu_mubar     -14 [6]    
                               -25.936   -39.525    10.432    48.412    -0.000
 11        e+     -11 [8]    
                                -1.394    -4.841    31.449    31.850     0.001
 12      bbar      -5 [7]   16> {-2}
                                43.952    66.950   -56.151    97.902     4.200
 13         b       5 [9]   >17 {+3}
                               -19.229   -59.827    84.711   105.559     4.200
 14      nu_e      12 [8]    
                               -36.574    38.576   -35.730    64.050     0.000
 15       mu-      13 [6]    
                                39.180    -1.334    -6.074    39.671    -0.000
 16    Rem:p+      82 [1]   17>>12 {+2,-1}
                                 0.000     0.000  3291.961  3291.961     0.910
 17    Rem:p+      82 [2]   13>>16 {+1,-3}
                                -0.000     0.000 -3320.596  3320.597     0.914
------------------------------------------------------------------------------
     Sum of momenta:                 0         0         0     7e+03     7e+03
******************************************************************************
Event number 5 (id: test) performed by EventHandler
==============================================================================

--- Colliding particles:
  1        p+    2212  (3,16)   
                                 0.000     0.000  3500.000  3500.000     0.938
  2        p+    2212  (4,17)   
                                 0.000     0.000 -3500.000  3500.000     0.938
------------------------------------------------------------------------------
Primary sub-process performed by MEGenericProcesses[g,g->nu_mubar,e+,bbar,b,nu_e,mu-]
--- incoming:
  3         g      21 [1] (9)   {+1,-2}
                                -0.000     0.000   178.620   178.620     0.000
  4         g      21 [2] (9)   {+2,-3}
                                 0.000     0.000  -358.430   358.430     0.000
--- intermediates:
  5        W+      24 [6] (11,14)   
                              -111.710  -104.297    52.197   176.684    71.662
  6         t       6 [9] (5,13)   {+1}
                              -100.917   -63.773    56.929   219.095   174.673
  7        W-     -24 [8] (10,15)   
                                76.310   109.658  -148.015   214.995    80.413
  8      tbar      -6 [9] (7,12)   {-3}
                               100.917    63.773  -236.740   317.955   175.494
  9         g      21 [3,4] (6,8)   {+1,-3}
                                 0.000    -0.000  -179.810   537.050   506.054
--- outgoing:
 10  nu_mubar     -14 [7]    
                                60.782    70.892   -44.639   103.502     0.000
 11        e+     -11 [5]    
                               -33.467   -65.184    -2.852    73.329     0.001
 12      bbar      -5 [8]   17> {-3}
                                24.607   -45.885   -88.725   102.959     4.200
 13         b       5 [6]   >16 {+1}
                                10.793    40.524     4.733    42.412     4.200
 14      nu_e      12 [5]    
                               -78.243   -39.114    55.049   103.355     0.000
 15       mu-      13 [7]    
                                15.528    38.767  -103.376   111.493     0.000
------------------------------------------------------------------------------
Step 1
--- intermediates:
  3         g      21 [1] (9)   {+1,-2}
                                -0.000     0.000   178.620   178.620     0.000
  4         g      21 [2] (9)   {+2,-3}
                                 0.000     0.000  -358.430   358.430     0.000
  5        W+      24 [6] (11,14)   
                              -111.710  -104.297    52.197   176.684    71.662
  6         t       6 [9] (5,13)   {+1}
                              -100.917   -63.773    56.929   219.095   174.673
  7        W-     -24 [8] (10,15)   
                                76.310   109.658  -148.015   214.995    80.413
  8      tbar      -6 [9] (7,12)   {-3}
                               100.917    63.773  -236.740   317.955   175.494
  9         g      21 [3,4] (6,8)   {+1,-3}
                                 0.000    -0.000  -179.810   537.050   506.054
--- final:
 10  nu_mubar     -14 [7]    
                                60.782    70.892   -44.639   103.502     0.000
 11        e+     -11 [5]    
                               -33.467   -65.184    -2.852    73.329     0.001
 12      bbar      -5 [8]   17> {-3}
                                24.607   -45.885   -88.725   102.959     4.200
 13         b       5 [6]   >16 {+1}
                                10.793    40.524     4.733    42.412     4.200
 14      nu_e      12 [5]    
                               -78.243   -39.114    55.049   103.355     0.000
 15       mu-      13 [7]    
                                15.528    38.767  -103.376   111.493     0.000
 16    Rem:p+      82 [1]   13>>17 {+2,-1}
                                 0.000     0.000  3321.380  3321.380     0.914
 17    Rem:p+      82 [2]   16>>12 {+3,-2}
                                -0.000     0.000 -3141.570  3141.570     0.889
------------------------------------------------------------------------------
     Sum of momenta:                 0         0         0     7e+03     7e+03
******************************************************************************
Event number 6 (id: test) performed by EventHandler
==============================================================================

--- Colliding particles:
  1        p+    2212  (3,16)   
                                 0.000     0.000  3500.000  3500.000     0.938
  2        p+    2212  (4,17)   
                                 0.000     0.000 -3500.000  3500.000     0.938
------------------------------------------------------------------------------
Primary sub-process performed by MEGenericProcesses[g,g->nu_mubar,e+,bbar,b,nu_e,mu-]
--- incoming:
  3         g      21 [1] (9)   {+1,-2}
                                 0.000     0.000   500.406   500.406     0.000
  4         g      21 [2] (9)   {+2,-3}
                                 0.000     0.000  -280.567   280.567     0.000
--- intermediates:
  5        W+      24 [6] (11,14)   
                               185.301     7.041   136.706   244.025    80.459
  6         t       6 [9] (5,13)   {+1}
                               329.171   -38.810   126.978   395.396   174.226
  7        W-     -24 [8] (10,15)   
                              -202.901    41.590   125.135   255.151    80.897
  8      tbar      -6 [9] (7,12)   {-3}
                              -329.171    38.810    92.861   385.577   173.743
  9         g      21 [3,4] (6,8)   {+1,-3}
                                -0.000     0.000   219.839   780.973   749.393
--- outgoing:
 10  nu_mubar     -14 [7]    
                              -156.232    -2.859   102.338   186.788     0.000
 11        e+     -11 [5]    
                               136.240   -28.908    78.669   159.956     0.001
 12      bbar      -5 [8]   17> {-3}
                              -126.270    -2.780   -32.274   130.427     4.200
 13         b       5 [6]   >16 {+1}
                               143.870   -45.851    -9.728   151.371     4.200
 14      nu_e      12 [5]    
                                49.060    35.949    58.037    84.069    -0.000
 15       mu-      13 [7]    
                               -46.669    44.449    22.798    68.363     0.000
------------------------------------------------------------------------------
Step 1
--- intermediates:
  3         g      21 [1] (9)   {+1,-2}
                                 0.000     0.000   500.406   500.406     0.000
  4         g      21 [2] (9)   {+2,-3}
                                 0.000     0.000  -280.567   280.567     0.000
  5        W+      24 [6] (11,14)   
                               185.301     7.041   136.706   244.025    80.459
  6         t       6 [9] (5,13)   {+1}
                               329.171   -38.810   126.978   395.396   174.226
  7        W-     -24 [8] (10,15)   
                              -202.901    41.590   125.135   255.151    80.897
  8      tbar      -6 [9] (7,12)   {-3}
                              -329.171    38.810    92.861   385.577   173.743
  9         g      21 [3,4] (6,8)   {+1,-3}
                                -0.000     0.000   219.839   780.973   749.393
--- final:
 10  nu_mubar     -14 [7]    
                              -156.232    -2.859   102.338   186.788     0.000
 11        e+     -11 [5]    
                               136.240   -28.908    78.669   159.956     0.001
 12      bbar      -5 [8]   17> {-3}
                              -126.270    -2.780   -32.274   130.427     4.200
 13         b       5 [6]   >16 {+1}
                               143.870   -45.851    -9.728   151.371     4.200
 14      nu_e      12 [5]    
                                49.060    35.949    58.037    84.069    -0.000
 15       mu-      13 [7]    
                               -46.669    44.449    22.798    68.363     0.000
 16    Rem:p+      82 [1]   13>>17 {+2,-1}
                                 0.000     0.000  2999.594  2999.594     0.869
 17    Rem:p+      82 [2]   16>>12 {+3,-2}
                                -0.000     0.000 -3219.433  3219.433     0.900
------------------------------------------------------------------------------
     Sum of momenta:                 0         0         0     7e+03     7e+03
******************************************************************************
Event number 7 (id: test) performed by EventHandler
==============================================================================

--- Colliding particles:
  1        p+    2212  (3,16)   
                                 0.000     0.000  3500.000  3500.000     0.938
  2        p+    2212  (4,17)   
                                 0.000     0.000 -3500.000  3500.000     0.938
------------------------------------------------------------------------------
Primary sub-process performed by MEGenericProcesses[dbar,d->nu_mubar,e+,bbar,b,nu_e,mu-]
--- incoming:
  3      dbar      -1 [1] (6,7)   {-1}
                                -0.000     0.000   140.814   140.814     0.000
  4         d       1 [2] (9)   {+2}
                                 0.000    -0.000   -65.890    65.890     0.000
--- intermediates:
  5      ubar      -2 [6] (9)   {-2}
                               -33.091    16.275   106.056    30.679  -108.011
  6      dbar      -1 [3] (5,8)   {-2}
                                -0.691     1.271   115.019   113.434   -19.087
  7         g      21 [3] (12,13)   {+2,-1}
                                 0.691    -1.271    25.794    27.380     9.067
  8        W+      24 [6] (11,14)   
                                32.399   -15.004     8.964    82.755    74.116
  9        W-     -24 [4,5] (10,15)   
                               -33.091    16.275    40.166    96.569    79.702
--- outgoing:
 10  nu_mubar     -14 [9]    
                               -20.685     6.971    64.288    67.893    -0.000
 11        e+     -11 [8]    
                                32.695   -39.431    21.195    55.435     0.001
 12      bbar      -5 [7]   16> {-1}
                                 0.531    -0.936    18.036    18.549     4.200
 13         b       5 [7]   >17 {+2}
                                 0.160    -0.336     7.759     8.830     4.200
 14      nu_e      12 [8]    
                                -0.296    24.427   -12.231    27.320    -0.000
 15       mu-      13 [9]    
                               -12.406     9.303   -24.122    28.676     0.000
------------------------------------------------------------------------------
Step 1
--- intermediates:
  3      dbar      -1 [1] (6,7)   {-1}
                                -0.000     0.000   140.814   140.814     0.000
  4         d       1 [2] (9)   {+2}
                                 0.000    -0.000   -65.890    65.890     0.000
  5      ubar      -2 [6] (9)   {-2}
                               -33.091    16.275   106.056    30.679  -108.011
  6      dbar      -1 [3] (5,8)   {-2}
                                -0.691     1.271   115.019   113.434   -19.087
  7         g      21 [3] (12,13)   {+2,-1}
                                 0.691    -1.271    25.794    27.380     9.067
  8        W+      24 [6] (11,14)   
                                32.399   -15.004     8.964    82.755    74.116
  9        W-     -24 [4,5] (10,15)   
                               -33.091    16.275    40.166    96.569    79.702
--- final:
 10  nu_mubar     -14 [9]    
                               -20.685     6.971    64.288    67.893    -0.000
 11        e+     -11 [8]    
                                32.695   -39.431    21.195    55.435     0.001
 12      bbar      -5 [7]   16> {-1}
                                 0.531    -0.936    18.036    18.549     4.200
 13         b       5 [7]   >17 {+2}
                                 0.160    -0.336     7.759     8.830     4.200
 14      nu_e      12 [8]    
                                -0.296    24.427   -12.231    27.320    -0.000
 15       mu-      13 [9]    
                               -12.406     9.303   -24.122    28.676     0.000
 16    Rem:p+      82 [1]   >12 {+1}
                                 0.000     0.000  3359.186  3359.186     0.919
 17    Rem:p+      82 [2]   13> {-2}
                                -0.000     0.000 -3434.110  3434.110     0.929
------------------------------------------------------------------------------
     Sum of momenta:                 0         0         0     7e+03     7e+03
******************************************************************************
Event number 8 (id: test) performed by EventHandler
==============================================================================

--- Colliding particles:
  1        p+    2212  (3,16)   
                                 0.000     0.000  3500.000  3500.000     0.938
  2        p+    2212  (4,17)   
                                 0.000     0.000 -3500.000  3500.000     0.938
------------------------------------------------------------------------------
Primary sub-process performed by MEGenericProcesses[g,g->nu_mubar,e+,bbar,b,nu_e,mu-]
--- incoming:
  3         g      21 [1] (5,7)   {+1,-2}
                                 0.000     0.000   355.834   355.834     0.000
  4         g      21 [2] (9)   {+3,-1}
                                 0.000    -0.000  -105.979   105.979     0.000
--- intermediates:
  5         t       6 [3] (9)   {+1}
                               -75.998   -33.215   211.381   114.568  -196.048
  6        W-     -24 [7] (10,15)   
                               120.139    25.343   121.548   190.741    80.825
  7      tbar      -6 [3] (6,12)   {-2}
                                75.998    33.215   144.453   241.265   174.537
  8        W+      24 [9] (11,14)   
                               -44.532   -61.682     3.840   110.398    79.907
  9         t       6 [4,5] (8,13)   {+3}
                               -75.998   -33.215   105.402   220.547   175.078
--- outgoing:
 10  nu_mubar     -14 [6]    
                                45.234   -10.626     3.792    46.620     0.000
 11        e+     -11 [8]    
                               -17.242    10.063    23.820    31.080     0.001
 12      bbar      -5 [7]   16> {-2}
                               -44.141     7.872    22.905    50.524     4.200
 13         b       5 [9]   >17 {+3}
                               -31.467    28.467   101.562   110.150     4.200
 14      nu_e      12 [8]    
                               -27.290   -71.745   -19.980    79.318     0.000
 15       mu-      13 [6]    
                                74.905    35.970   117.755   144.121     0.000
------------------------------------------------------------------------------
Step 1
--- intermediates:
  3         g      21 [1] (5,7)   {+1,-2}
                                 0.000     0.000   355.834   355.834     0.000
  4         g      21 [2] (9)   {+3,-1}
                                 0.000    -0.000  -105.979   105.979     0.000
  5         t       6 [3] (9)   {+1}
                               -75.998   -33.215   211.381   114.568  -196.048
  6        W-     -24 [7] (10,15)   
                               120.139    25.343   121.548   190.741    80.825
  7      tbar      -6 [3] (6,12)   {-2}
                                75.998    33.215   144.453   241.265   174.537
  8        W+      24 [9] (11,14)   
                               -44.532   -61.682     3.840   110.398    79.907
  9         t       6 [4,5] (8,13)   {+3}
                               -75.998   -33.215   105.402   220.547   175.078
--- final:
 10  nu_mubar     -14 [6]    
                                45.234   -10.626     3.792    46.620     0.000
 11        e+     -11 [8]    
                               -17.242    10.063    23.820    31.080     0.001
 12      bbar      -5 [7]   16> {-2}
                               -44.141     7.872    22.905    50.524     4.200
 13         b       5 [9]   >17 {+3}
                               -31.467    28.467   101.562   110.150     4.200
 14      nu_e      12 [8]    
                               -27.290   -71.745   -19.980    79.318     0.000
 15       mu-      13 [6]    
                                74.905    35.970   117.755   144.121     0.000
 16    Rem:p+      82 [1]   17>>12 {+2,-1}
                                 0.000     0.000  3144.166  3144.166     0.889
 17    Rem:p+      82 [2]   13>>16 {+1,-3}
                                -0.000     0.000 -3394.021  3394.021     0.924
------------------------------------------------------------------------------
     Sum of momenta:                 0         0         0     7e+03     7e+03
******************************************************************************
Event number 9 (id: test) performed by EventHandler
==============================================================================

--- Colliding particles:
  1        p+    2212  (3,16)   
                                 0.000     0.000  3500.000  3500.000     0.938
  2        p+    2212  (4,17)   
                                 0.000     0.000 -3500.000  3500.000     0.938
------------------------------------------------------------------------------
Primary sub-process performed by MEGenericProcesses[g,g->nu_mubar,e+,bbar,b,nu_e,mu-]
--- incoming:
  3         g      21 [1] (9)   {+1,-2}
                                -0.000     0.000    55.424    55.424     0.000
  4         g      21 [2] (9)   {+3,-1}
                                 0.000     0.000  -695.506   695.506     0.000
--- intermediates:
  5        W+      24 [6] (11,14)   
                                62.314    -2.642  -232.377   253.703    80.476
  6         t       6 [9] (5,13)   {+3}
                                -0.510    42.083  -472.624   506.059   175.930
  7        W-     -24 [8] (10,15)   
                               -50.349    19.536   -71.855   120.206    79.810
  8      tbar      -6 [9] (7,12)   {-2}
                                 0.510   -42.083  -167.459   244.870   173.631
  9         g      21 [3,4] (6,8)   {+3,-2}
                                 0.000     0.000  -640.083   750.930   392.670
--- outgoing:
 10  nu_mubar     -14 [7]    
                               -52.574    40.409   -28.774    72.283    -0.000
 11        e+     -11 [5]    
                               -14.902     6.607   -90.073    91.536     0.001
 12      bbar      -5 [8]   16> {-2}
                                50.859   -61.619   -95.603   124.664     4.200
 13         b       5 [6]   >17 {+3}
                               -62.824    44.725  -240.247   252.356     4.200
 14      nu_e      12 [5]    
                                77.216    -9.249  -142.304   162.167     0.000
 15       mu-      13 [7]    
                                 2.225   -20.873   -43.081    47.923     0.000
------------------------------------------------------------------------------
Step 1
--- intermediates:
  3         g      21 [1] (9)   {+1,-2}
                                -0.000     0.000    55.424    55.424     0.000
  4         g      21 [2] (9)   {+3,-1}
                                 0.000     0.000  -695.506   695.506     0.000
  5        W+      24 [6] (11,14)   
                                62.314    -2.642  -232.377   253.703    80.476
  6         t       6 [9] (5,13)   {+3}
                                -0.510    42.083  -472.624   506.059   175.930
  7        W-     -24 [8] (10,15)   
                               -50.349    19.536   -71.855   120.206    79.810
  8      tbar      -6 [9] (7,12)   {-2}
                                 0.510   -42.083  -167.459   244.870   173.631
  9         g      21 [3,4] (6,8)   {+3,-2}
                                 0.000     0.000  -640.083   750.930   392.670
--- final:
 10  nu_mubar     -14 [7]    
                               -52.574    40.409   -28.774    72.283    -0.000
 11        e+     -11 [5]    
                               -14.902     6.607   -90.073    91.536     0.001
 12      bbar      -5 [8]   16> {-2}
                                50.859   -61.619   -95.603   124.664     4.200
 13         b       5 [6]   >17 {+3}
                               -62.824    44.725  -240.247   252.356     4.200
 14      nu_e      12 [5]    
                                77.216    -9.249  -142.304   162.167     0.000
 15       mu-      13 [7]    
                                 2.225   -20.873   -43.081    47.923     0.000
 16    Rem:p+      82 [1]   17>>12 {+2,-1}
                                 0.000     0.000  3444.576  3444.576     0.931
 17    Rem:p+      82 [2]   13>>16 {+1,-3}
                                -0.000     0.000 -2804.494  2804.494     0.840
------------------------------------------------------------------------------
     Sum of momenta:                 0         0         0     7e+03     7e+03
final integrated cross section is ( 0.00239199 +/- 0.000199082 ) nb
No exceptions reported in this run.
